// Jest Snapshot v1, https://goo.gl/fbAQLP

exports[`Home page matches snapshot 1`] = `
<DocumentFragment>
  <main
    class="jsx-2960646220"
  >
    <span
      class=" lazy-load-image-background blur"
      style="color: transparent; display: inline-block; height: auto; width: 100%;"
    >
      <img
        alt="Rachel & Peter wedding"
        height="auto"
        src="https://res.cloudinary.com/petertumulty/image/upload/e_shadow:60/c_scale,w_464/v1602980583/wedding/site/peterrachelattablewithtext-version-two_lkoevj.webp"
        width="100%"
      />
    </span>
    <div
      class="jsx-1745397157"
    >
      <div
        class="jsx-1745397157 position-container right"
      >
        <h3
          class="jsx-2960646220"
        >
          About
        </h3>
        <p
          class="jsx-2960646220"
        >
          The best part of getting married is getting the opportunity to celebrate with our loved ones. Thank you all for the continuous support and love.
        </p>
        <p
          class="jsx-2960646220"
        >
          <strong
            class="jsx-2960646220"
          >
            We were so happy you could party it up with us on March 30th, 2019!
          </strong>
        </p>
      </div>
    </div>
    <span
      class=" lazy-load-image-background blur"
      style="color: transparent; display: inline-block; height: auto; width: 100%;"
    >
      <img
        alt="wedding ring"
        height="auto"
        src="https://res.cloudinary.com/petertumulty/image/upload/e_shadow:60/c_scale,w_464/v1602980583/wedding/site/ring1-version-two_tkcxov.webp"
        width="100%"
      />
    </span>
    <div
      class="jsx-1745397157"
    >
      <div
        class="jsx-1745397157 position-container left"
      >
        <h3
          class="jsx-2960646220"
        >
          Our History
        </h3>
        <p
          class="jsx-2960646220"
        >
          We met in the fall of 2013 and have been laughing together ever since.
        </p>
      </div>
    </div>
    <div
      class="jsx-2960646220 title"
    >
      <h3
        class="jsx-2960646220"
      >
        Our Love Story
      </h3>
    </div>
    <div
      class="jsx-1229189858"
    >
      <iframe
        allowfullscreen=""
        class="jsx-1229189858"
        data-testid="video"
        frameborder="0"
        src="https://player.vimeo.com/video/270889689"
        title="Rachel & Peter video"
      />
    </div>
    <div
      class="jsx-1634938835"
    >
      <p
        class="jsx-1634938835"
      >
        Now I know what you are really here for...
      </p>
      <p
        class="jsx-1634938835"
      >
        <strong
          class="jsx-1634938835"
        >
          Pictures!
        </strong>
      </p>
      <p
        class="jsx-1634938835"
      >
        Here's a link to our wedding photo album, enjoy.
      </p>
      <a
        class="button"
        href="/wedding-gallery"
      >
        Photo Album
      </a>
    </div>
  </main>
</DocumentFragment>
`;
