// Jest Snapshot v1, https://goo.gl/fbAQLP

exports[`Home page matches snapshot 1`] = `
<DocumentFragment>
  <main
    class="jsx-1870490194"
  >
    <span
      class=" lazy-load-image-background blur"
      style="color: transparent; display: inline-block; height: auto; width: 100%;"
    >
      <img
        alt="Rachel & Peter wedding"
        height="auto"
        src="https://res.cloudinary.com/petertumulty/image/upload/e_shadow:35,r_10/v1602980583/wedding/site/peterrachelattable_utqiyz.webp"
        width="100%"
      />
    </span>
  </main>
</DocumentFragment>
`;
